// Jest Snapshot v1, https://goo.gl/fbAQLP

exports[`ErrorMessage Should render like snapshot 1`] = `
ShallowWrapper {
  Symbol(enzyme.__root__): [Circular],
  Symbol(enzyme.__unrendered__): <ErrorMessage
    closeError={[MockFunction]}
    user={
      Object {
        "id": 1,
        "loggedIn": true,
      }
    }
  />,
  Symbol(enzyme.__renderer__): Object {
    "batchedUpdates": [Function],
    "getNode": [Function],
    "render": [Function],
    "simulateError": [Function],
    "simulateEvent": [Function],
    "unmount": [Function],
  },
  Symbol(enzyme.__node__): Object {
    "instance": null,
    "key": undefined,
    "nodeType": "host",
    "props": Object {
      "children": <div
        className="ErrorMessage_inner"
      >
        <h1
          className="Login-header"
        >
           Movie Tracker 
        </h1>
        <p />
        <button
          className="home-button-error"
          onClick={[MockFunction]}
        >
          <NavLink
            activeClassName="active"
            aria-current="page"
            className="home-link-error"
            to="/"
          >
            Home
          </NavLink>
        </button>
      </div>,
      "className": "ErrorMessage",
    },
    "ref": null,
    "rendered": Object {
      "instance": null,
      "key": undefined,
      "nodeType": "host",
      "props": Object {
        "children": Array [
          <h1
            className="Login-header"
          >
             Movie Tracker 
          </h1>,
          <p />,
          <button
            className="home-button-error"
            onClick={[MockFunction]}
          >
            <NavLink
              activeClassName="active"
              aria-current="page"
              className="home-link-error"
              to="/"
            >
              Home
            </NavLink>
          </button>,
          false,
        ],
        "className": "ErrorMessage_inner",
      },
      "ref": null,
      "rendered": Array [
        Object {
          "instance": null,
          "key": undefined,
          "nodeType": "host",
          "props": Object {
            "children": " Movie Tracker ",
            "className": "Login-header",
          },
          "ref": null,
          "rendered": " Movie Tracker ",
          "type": "h1",
        },
        Object {
          "instance": null,
          "key": undefined,
          "nodeType": "host",
          "props": Object {
            "children": undefined,
          },
          "ref": null,
          "rendered": null,
          "type": "p",
        },
        Object {
          "instance": null,
          "key": undefined,
          "nodeType": "host",
          "props": Object {
            "children": <NavLink
              activeClassName="active"
              aria-current="page"
              className="home-link-error"
              to="/"
            >
              Home
            </NavLink>,
            "className": "home-button-error",
            "onClick": [MockFunction],
          },
          "ref": null,
          "rendered": Object {
            "instance": null,
            "key": undefined,
            "nodeType": "function",
            "props": Object {
              "activeClassName": "active",
              "aria-current": "page",
              "children": "Home",
              "className": "home-link-error",
              "to": "/",
            },
            "ref": null,
            "rendered": "Home",
            "type": [Function],
          },
          "type": "button",
        },
        false,
      ],
      "type": "div",
    },
    "type": "div",
  },
  Symbol(enzyme.__nodes__): Array [
    Object {
      "instance": null,
      "key": undefined,
      "nodeType": "host",
      "props": Object {
        "children": <div
          className="ErrorMessage_inner"
        >
          <h1
            className="Login-header"
          >
             Movie Tracker 
          </h1>
          <p />
          <button
            className="home-button-error"
            onClick={[MockFunction]}
          >
            <NavLink
              activeClassName="active"
              aria-current="page"
              className="home-link-error"
              to="/"
            >
              Home
            </NavLink>
          </button>
        </div>,
        "className": "ErrorMessage",
      },
      "ref": null,
      "rendered": Object {
        "instance": null,
        "key": undefined,
        "nodeType": "host",
        "props": Object {
          "children": Array [
            <h1
              className="Login-header"
            >
               Movie Tracker 
            </h1>,
            <p />,
            <button
              className="home-button-error"
              onClick={[MockFunction]}
            >
              <NavLink
                activeClassName="active"
                aria-current="page"
                className="home-link-error"
                to="/"
              >
                Home
              </NavLink>
            </button>,
            false,
          ],
          "className": "ErrorMessage_inner",
        },
        "ref": null,
        "rendered": Array [
          Object {
            "instance": null,
            "key": undefined,
            "nodeType": "host",
            "props": Object {
              "children": " Movie Tracker ",
              "className": "Login-header",
            },
            "ref": null,
            "rendered": " Movie Tracker ",
            "type": "h1",
          },
          Object {
            "instance": null,
            "key": undefined,
            "nodeType": "host",
            "props": Object {
              "children": undefined,
            },
            "ref": null,
            "rendered": null,
            "type": "p",
          },
          Object {
            "instance": null,
            "key": undefined,
            "nodeType": "host",
            "props": Object {
              "children": <NavLink
                activeClassName="active"
                aria-current="page"
                className="home-link-error"
                to="/"
              >
                Home
              </NavLink>,
              "className": "home-button-error",
              "onClick": [MockFunction],
            },
            "ref": null,
            "rendered": Object {
              "instance": null,
              "key": undefined,
              "nodeType": "function",
              "props": Object {
                "activeClassName": "active",
                "aria-current": "page",
                "children": "Home",
                "className": "home-link-error",
                "to": "/",
              },
              "ref": null,
              "rendered": "Home",
              "type": [Function],
            },
            "type": "button",
          },
          false,
        ],
        "type": "div",
      },
      "type": "div",
    },
  ],
  Symbol(enzyme.__options__): Object {
    "adapter": ReactSixteenAdapter {
      "options": Object {
        "enableComponentDidUpdateOnSetState": true,
        "lifecycles": Object {
          "componentDidUpdate": Object {
            "onSetState": true,
          },
          "getDerivedStateFromProps": true,
          "getSnapshotBeforeUpdate": true,
          "setState": Object {
            "skipsComponentDidUpdateOnNullish": true,
          },
        },
      },
    },
  },
}
`;
