// Jest Snapshot v1, https://goo.gl/fbAQLP

exports[`Card Should render like snapshot 1`] = `
ShallowWrapper {
  Symbol(enzyme.__root__): [Circular],
  Symbol(enzyme.__unrendered__): <Card
    movie={
      Object {
        "movie": Object {
          "favorite": false,
          "id": 123456,
          "overview": "Movie Overview",
          "poster": "Movie Poster",
          "rating": "Movie Rating",
          "releaseData": "Movie Release Date",
          "title": "Movie Title",
        },
      }
    } 
    toggleFavorite={[MockFunction]}
    user={
      Object {
        "id": 31,
        "loggedIn": false,
      }
    }
  />,
  Symbol(enzyme.__renderer__): Object {
    "batchedUpdates": [Function],
    "getNode": [Function],
    "render": [Function],
    "simulateError": [Function],
    "simulateEvent": [Function],
    "unmount": [Function],
  },
  Symbol(enzyme.__node__): Object {
    "instance": null,
    "key": undefined,
    "nodeType": "host",
    "props": Object {
      "children": Array [
        <div
          className="expanded-background"
        />,
        <div
          className="card-inner-wrapper"
        >
          <h3
            className="movie-title"
          >
            <div
              className="movie-rating"
            >
              <div>
                Rating 
              </div>
            </div>
            <button
              className="card-favorite-button
                fav-btn-inactive"
              onClick={[Function]}
            >
              <img
                alt=""
                className="card-favorite-button-star"
                src="star-clear.svg"
              />
            </button>
          </h3>
          <div
            className="expanded-lower-container"
          >
            <img
              alt=""
              className="poster-image"
            />
            <div
              className="lower-middle-expanded"
            >
              <p
                className="card-overview"
              >
                <strong>
                  Description
                </strong>
                <br />
              </p>
            </div>
            <p
              className="card-release-date"
            >
              <strong>
                Release Date
              </strong>
              <br />
            </p>
          </div>
        </div>,
      ],
      "className": "Card",
      "onClick": [Function],
      "style": Object {
        "backgroundImage": "url(undefined)",
      },
    },
    "ref": null,
    "rendered": Array [
      Object {
        "instance": null,
        "key": undefined,
        "nodeType": "host",
        "props": Object {
          "className": "expanded-background",
        },
        "ref": null,
        "rendered": null,
        "type": "div",
      },
      Object {
        "instance": null,
        "key": undefined,
        "nodeType": "host",
        "props": Object {
          "children": Array [
            <h3
              className="movie-title"
            >
              <div
                className="movie-rating"
              >
                <div>
                  Rating 
                </div>
              </div>
              <button
                className="card-favorite-button
                fav-btn-inactive"
                onClick={[Function]}
              >
                <img
                  alt=""
                  className="card-favorite-button-star"
                  src="star-clear.svg"
                />
              </button>
            </h3>,
            <div
              className="expanded-lower-container"
            >
              <img
                alt=""
                className="poster-image"
              />
              <div
                className="lower-middle-expanded"
              >
                <p
                  className="card-overview"
                >
                  <strong>
                    Description
                  </strong>
                  <br />
                </p>
              </div>
              <p
                className="card-release-date"
              >
                <strong>
                  Release Date
                </strong>
                <br />
              </p>
            </div>,
          ],
          "className": "card-inner-wrapper",
        },
        "ref": null,
        "rendered": Array [
          Object {
            "instance": null,
            "key": undefined,
            "nodeType": "host",
            "props": Object {
              "children": Array [
                <div
                  className="movie-rating"
                >
                  <div>
                    Rating 
                  </div>
                </div>,
                undefined,
                <button
                  className="card-favorite-button
                fav-btn-inactive"
                  onClick={[Function]}
                >
                  <img
                    alt=""
                    className="card-favorite-button-star"
                    src="star-clear.svg"
                  />
                </button>,
              ],
              "className": "movie-title",
            },
            "ref": null,
            "rendered": Array [
              Object {
                "instance": null,
                "key": undefined,
                "nodeType": "host",
                "props": Object {
                  "children": <div>
                    Rating 
                  </div>,
                  "className": "movie-rating",
                },
                "ref": null,
                "rendered": Object {
                  "instance": null,
                  "key": undefined,
                  "nodeType": "host",
                  "props": Object {
                    "children": Array [
                      "Rating ",
                      undefined,
                    ],
                  },
                  "ref": null,
                  "rendered": Array [
                    "Rating ",
                    undefined,
                  ],
                  "type": "div",
                },
                "type": "div",
              },
              undefined,
              Object {
                "instance": null,
                "key": undefined,
                "nodeType": "host",
                "props": Object {
                  "children": <img
                    alt=""
                    className="card-favorite-button-star"
                    src="star-clear.svg"
                  />,
                  "className": "card-favorite-button
                fav-btn-inactive",
                  "onClick": [Function],
                },
                "ref": null,
                "rendered": Object {
                  "instance": null,
                  "key": undefined,
                  "nodeType": "host",
                  "props": Object {
                    "alt": "",
                    "className": "card-favorite-button-star",
                    "src": "star-clear.svg",
                  },
                  "ref": null,
                  "rendered": null,
                  "type": "img",
                },
                "type": "button",
              },
            ],
            "type": "h3",
          },
          Object {
            "instance": null,
            "key": undefined,
            "nodeType": "host",
            "props": Object {
              "children": Array [
                <img
                  alt=""
                  className="poster-image"
                />,
                <div
                  className="lower-middle-expanded"
                >
                  <p
                    className="card-overview"
                  >
                    <strong>
                      Description
                    </strong>
                    <br />
                  </p>
                </div>,
                <p
                  className="card-release-date"
                >
                  <strong>
                    Release Date
                  </strong>
                  <br />
                </p>,
              ],
              "className": "expanded-lower-container",
            },
            "ref": null,
            "rendered": Array [
              Object {
                "instance": null,
                "key": undefined,
                "nodeType": "host",
                "props": Object {
                  "alt": "",
                  "className": "poster-image",
                  "src": undefined,
                },
                "ref": null,
                "rendered": null,
                "type": "img",
              },
              Object {
                "instance": null,
                "key": undefined,
                "nodeType": "host",
                "props": Object {
                  "children": Array [
                    <p
                      className="card-overview"
                    >
                      <strong>
                        Description
                      </strong>
                      <br />
                    </p>,
                    false,
                  ],
                  "className": "lower-middle-expanded",
                },
                "ref": null,
                "rendered": Array [
                  Object {
                    "instance": null,
                    "key": undefined,
                    "nodeType": "host",
                    "props": Object {
                      "children": Array [
                        <strong>
                          Description
                        </strong>,
                        <br />,
                        undefined,
                      ],
                      "className": "card-overview",
                    },
                    "ref": null,
                    "rendered": Array [
                      Object {
                        "instance": null,
                        "key": undefined,
                        "nodeType": "host",
                        "props": Object {
                          "children": "Description",
                        },
                        "ref": null,
                        "rendered": "Description",
                        "type": "strong",
                      },
                      Object {
                        "instance": null,
                        "key": undefined,
                        "nodeType": "host",
                        "props": Object {},
                        "ref": null,
                        "rendered": null,
                        "type": "br",
                      },
                      undefined,
                    ],
                    "type": "p",
                  },
                  false,
                ],
                "type": "div",
              },
              Object {
                "instance": null,
                "key": undefined,
                "nodeType": "host",
                "props": Object {
                  "children": Array [
                    <strong>
                      Release Date
                    </strong>,
                    <br />,
                    undefined,
                  ],
                  "className": "card-release-date",
                },
                "ref": null,
                "rendered": Array [
                  Object {
                    "instance": null,
                    "key": undefined,
                    "nodeType": "host",
                    "props": Object {
                      "children": "Release Date",
                    },
                    "ref": null,
                    "rendered": "Release Date",
                    "type": "strong",
                  },
                  Object {
                    "instance": null,
                    "key": undefined,
                    "nodeType": "host",
                    "props": Object {},
                    "ref": null,
                    "rendered": null,
                    "type": "br",
                  },
                  undefined,
                ],
                "type": "p",
              },
            ],
            "type": "div",
          },
        ],
        "type": "div",
      },
    ],
    "type": "div",
  },
  Symbol(enzyme.__nodes__): Array [
    Object {
      "instance": null,
      "key": undefined,
      "nodeType": "host",
      "props": Object {
        "children": Array [
          <div
            className="expanded-background"
          />,
          <div
            className="card-inner-wrapper"
          >
            <h3
              className="movie-title"
            >
              <div
                className="movie-rating"
              >
                <div>
                  Rating 
                </div>
              </div>
              <button
                className="card-favorite-button
                fav-btn-inactive"
                onClick={[Function]}
              >
                <img
                  alt=""
                  className="card-favorite-button-star"
                  src="star-clear.svg"
                />
              </button>
            </h3>
            <div
              className="expanded-lower-container"
            >
              <img
                alt=""
                className="poster-image"
              />
              <div
                className="lower-middle-expanded"
              >
                <p
                  className="card-overview"
                >
                  <strong>
                    Description
                  </strong>
                  <br />
                </p>
              </div>
              <p
                className="card-release-date"
              >
                <strong>
                  Release Date
                </strong>
                <br />
              </p>
            </div>
          </div>,
        ],
        "className": "Card",
        "onClick": [Function],
        "style": Object {
          "backgroundImage": "url(undefined)",
        },
      },
      "ref": null,
      "rendered": Array [
        Object {
          "instance": null,
          "key": undefined,
          "nodeType": "host",
          "props": Object {
            "className": "expanded-background",
          },
          "ref": null,
          "rendered": null,
          "type": "div",
        },
        Object {
          "instance": null,
          "key": undefined,
          "nodeType": "host",
          "props": Object {
            "children": Array [
              <h3
                className="movie-title"
              >
                <div
                  className="movie-rating"
                >
                  <div>
                    Rating 
                  </div>
                </div>
                <button
                  className="card-favorite-button
                fav-btn-inactive"
                  onClick={[Function]}
                >
                  <img
                    alt=""
                    className="card-favorite-button-star"
                    src="star-clear.svg"
                  />
                </button>
              </h3>,
              <div
                className="expanded-lower-container"
              >
                <img
                  alt=""
                  className="poster-image"
                />
                <div
                  className="lower-middle-expanded"
                >
                  <p
                    className="card-overview"
                  >
                    <strong>
                      Description
                    </strong>
                    <br />
                  </p>
                </div>
                <p
                  className="card-release-date"
                >
                  <strong>
                    Release Date
                  </strong>
                  <br />
                </p>
              </div>,
            ],
            "className": "card-inner-wrapper",
          },
          "ref": null,
          "rendered": Array [
            Object {
              "instance": null,
              "key": undefined,
              "nodeType": "host",
              "props": Object {
                "children": Array [
                  <div
                    className="movie-rating"
                  >
                    <div>
                      Rating 
                    </div>
                  </div>,
                  undefined,
                  <button
                    className="card-favorite-button
                fav-btn-inactive"
                    onClick={[Function]}
                  >
                    <img
                      alt=""
                      className="card-favorite-button-star"
                      src="star-clear.svg"
                    />
                  </button>,
                ],
                "className": "movie-title",
              },
              "ref": null,
              "rendered": Array [
                Object {
                  "instance": null,
                  "key": undefined,
                  "nodeType": "host",
                  "props": Object {
                    "children": <div>
                      Rating 
                    </div>,
                    "className": "movie-rating",
                  },
                  "ref": null,
                  "rendered": Object {
                    "instance": null,
                    "key": undefined,
                    "nodeType": "host",
                    "props": Object {
                      "children": Array [
                        "Rating ",
                        undefined,
                      ],
                    },
                    "ref": null,
                    "rendered": Array [
                      "Rating ",
                      undefined,
                    ],
                    "type": "div",
                  },
                  "type": "div",
                },
                undefined,
                Object {
                  "instance": null,
                  "key": undefined,
                  "nodeType": "host",
                  "props": Object {
                    "children": <img
                      alt=""
                      className="card-favorite-button-star"
                      src="star-clear.svg"
                    />,
                    "className": "card-favorite-button
                fav-btn-inactive",
                    "onClick": [Function],
                  },
                  "ref": null,
                  "rendered": Object {
                    "instance": null,
                    "key": undefined,
                    "nodeType": "host",
                    "props": Object {
                      "alt": "",
                      "className": "card-favorite-button-star",
                      "src": "star-clear.svg",
                    },
                    "ref": null,
                    "rendered": null,
                    "type": "img",
                  },
                  "type": "button",
                },
              ],
              "type": "h3",
            },
            Object {
              "instance": null,
              "key": undefined,
              "nodeType": "host",
              "props": Object {
                "children": Array [
                  <img
                    alt=""
                    className="poster-image"
                  />,
                  <div
                    className="lower-middle-expanded"
                  >
                    <p
                      className="card-overview"
                    >
                      <strong>
                        Description
                      </strong>
                      <br />
                    </p>
                  </div>,
                  <p
                    className="card-release-date"
                  >
                    <strong>
                      Release Date
                    </strong>
                    <br />
                  </p>,
                ],
                "className": "expanded-lower-container",
              },
              "ref": null,
              "rendered": Array [
                Object {
                  "instance": null,
                  "key": undefined,
                  "nodeType": "host",
                  "props": Object {
                    "alt": "",
                    "className": "poster-image",
                    "src": undefined,
                  },
                  "ref": null,
                  "rendered": null,
                  "type": "img",
                },
                Object {
                  "instance": null,
                  "key": undefined,
                  "nodeType": "host",
                  "props": Object {
                    "children": Array [
                      <p
                        className="card-overview"
                      >
                        <strong>
                          Description
                        </strong>
                        <br />
                      </p>,
                      false,
                    ],
                    "className": "lower-middle-expanded",
                  },
                  "ref": null,
                  "rendered": Array [
                    Object {
                      "instance": null,
                      "key": undefined,
                      "nodeType": "host",
                      "props": Object {
                        "children": Array [
                          <strong>
                            Description
                          </strong>,
                          <br />,
                          undefined,
                        ],
                        "className": "card-overview",
                      },
                      "ref": null,
                      "rendered": Array [
                        Object {
                          "instance": null,
                          "key": undefined,
                          "nodeType": "host",
                          "props": Object {
                            "children": "Description",
                          },
                          "ref": null,
                          "rendered": "Description",
                          "type": "strong",
                        },
                        Object {
                          "instance": null,
                          "key": undefined,
                          "nodeType": "host",
                          "props": Object {},
                          "ref": null,
                          "rendered": null,
                          "type": "br",
                        },
                        undefined,
                      ],
                      "type": "p",
                    },
                    false,
                  ],
                  "type": "div",
                },
                Object {
                  "instance": null,
                  "key": undefined,
                  "nodeType": "host",
                  "props": Object {
                    "children": Array [
                      <strong>
                        Release Date
                      </strong>,
                      <br />,
                      undefined,
                    ],
                    "className": "card-release-date",
                  },
                  "ref": null,
                  "rendered": Array [
                    Object {
                      "instance": null,
                      "key": undefined,
                      "nodeType": "host",
                      "props": Object {
                        "children": "Release Date",
                      },
                      "ref": null,
                      "rendered": "Release Date",
                      "type": "strong",
                    },
                    Object {
                      "instance": null,
                      "key": undefined,
                      "nodeType": "host",
                      "props": Object {},
                      "ref": null,
                      "rendered": null,
                      "type": "br",
                    },
                    undefined,
                  ],
                  "type": "p",
                },
              ],
              "type": "div",
            },
          ],
          "type": "div",
        },
      ],
      "type": "div",
    },
  ],
  Symbol(enzyme.__options__): Object {
    "adapter": ReactSixteenAdapter {
      "options": Object {
        "enableComponentDidUpdateOnSetState": true,
        "lifecycles": Object {
          "componentDidUpdate": Object {
            "onSetState": true,
          },
          "getDerivedStateFromProps": true,
          "getSnapshotBeforeUpdate": true,
          "setState": Object {
            "skipsComponentDidUpdateOnNullish": true,
          },
        },
      },
    },
  },
}
`;
