// Jest Snapshot v1, https://goo.gl/fbAQLP

exports[`App Should render like snapshot 1`] = `undefined`;
