// Jest Snapshot v1, https://goo.gl/fbAQLP

exports[`MainPage Should render like snapshot 1`] = `undefined`;
